2021-11-11 23:06:45,868 DEBUG Starting new HTTPS connection (1): 3200.frp1.ott.kaltura.com:443
2021-11-11 23:06:45,916 DEBUG send: b'POST /api_v3/service/OTTUser/action/login HTTP/1.1\r\nHost: 3200.frp1.ott.kaltura.com\r\nUser-Agent: python-requests/2.26.0\r\nAccept-Encoding: gzip, deflate, br\r\nAccept: */*\r\nConnection: keep-alive\r\nContent-Type: application/json\r\nHost : 3200.frp1.ott.kaltura.com\r\nContent-Length: 134\r\n\r\n'
2021-11-11 23:06:45,916 DEBUG send: b'{"apiVersion": "5.4.0", "partnerId": "3200", "username": "monitoring3_rs", "password": "#-K_monitoring3_rs", "udid": "monitoring3_rs"}'
2021-11-11 23:06:46,014 DEBUG reply: 'HTTP/1.1 200 OK\r\n'
2021-11-11 23:06:46,014 DEBUG header: Content-Type: application/json
2021-11-11 23:06:46,015 DEBUG header: Transfer-Encoding: chunked
2021-11-11 23:06:46,015 DEBUG header: Connection: keep-alive
2021-11-11 23:06:46,015 DEBUG header: Date: Thu, 11 Nov 2021 22:06:49 GMT
2021-11-11 23:06:46,015 DEBUG header: X-Kaltura-Session: 0HMD4GDGURF6L:00000001
2021-11-11 23:06:46,015 DEBUG header: no-cache: true
2021-11-11 23:06:46,015 DEBUG header: X-Cache-Me: knginx-655b74986b-nrx44
2021-11-11 23:06:46,015 DEBUG header: X-GCache-Fetch-Status: GF-BYPASS
2021-11-11 23:06:46,015 DEBUG header: X-GCache-Store-Status: GS-BYPASS
2021-11-11 23:06:46,015 DEBUG header: Content-Encoding: gzip
2021-11-11 23:06:46,015 DEBUG header: Server: Kaltura OTT
2021-11-11 23:06:46,015 DEBUG header: X-Cached: ||0|BYPASS
2021-11-11 23:06:46,015 DEBUG header: Access-Control-Allow-Headers: *
2021-11-11 23:06:46,015 DEBUG header: Access-Control-Allow-Origin: *
2021-11-11 23:06:46,015 DEBUG header: X-Cache: Miss from cloudfront
2021-11-11 23:06:46,016 DEBUG header: Via: 1.1 77d19519a1c9ed821ab469548b9d17f5.cloudfront.net (CloudFront)
2021-11-11 23:06:46,016 DEBUG header: X-Amz-Cf-Pop: PRG50-C1
2021-11-11 23:06:46,016 DEBUG header: X-Amz-Cf-Id: C8cnObka5ROr5dzZq6mQB1B-xG-2HDGDrTY49OJ6BINlxw4Ph4QqKA==
2021-11-11 23:06:46,016 DEBUG https://3200.frp1.ott.kaltura.com:443 "POST /api_v3/service/OTTUser/action/login HTTP/1.1" 200 None
2021-11-11 23:06:46,020 DEBUG Starting new HTTPS connection (1): 3200.frp1.ott.kaltura.com:443
2021-11-11 23:06:46,072 DEBUG send: b'POST /api_v3/service//asset/action/list HTTP/1.1\r\nHost: 3200.frp1.ott.kaltura.com\r\nUser-Agent: python-requests/2.26.0\r\nAccept-Encoding: gzip, deflate, br\r\nAccept: */*\r\nConnection: keep-alive\r\nContent-Type: application/json\r\nHost : 3200.frp1.ott.kaltura.com\r\nContent-Length: 3869\r\n\r\n'
2021-11-11 23:06:46,072 DEBUG send: b'{"language": "eng", "ks": "djJ8MzIwMHzb74ZDmaOZzhIuFCY6lZMMp_mluId-9i_0NBasp0Jh5XFCQvQLCTRPAYa7xUMrichSz8dH9o3JDtUFH8spkQQJKsbmVhvHB1sMrkQEqMCZNVvUU4m0nlHFPs0_DfQhgvxvaTblMKJyi016NPmOf5sC0k0gS7NzmWw1kZCZtwsPzY8q1yM-hUInxqy1PmYIaXS3PahrSldQcpt4XXSIGNiQ3Gj2gvNpmjPFY89I1oYCL2xqsqZPKasrzAMCD_AOfDhsdOo4KRaQe-7WExI9T4l4tOlbrgXl8GgUDapJ4O9gw5SEYIYJiXGmXc9QCQ6FOR92J3YMQuyYS18B07QahsUh2p9ilmSGlrUejJPqWSJ4-5mBzi_jckzWa9RKT3exHRJ0FmF6eVvTDwnqcWucB9Oa", "filter": {"objectType": "KalturaSearchAssetFilter", "kSql": "(and (or CategoryId = \'56864\' CategoryId = \'56719\' CategoryId = \'56718\' CategoryId = \'56711\' CategoryId = \'56712\' CategoryId = \'56713\' CategoryId = \'56714\' CategoryId = \'56715\' CategoryId = \'56716\' CategoryId = \'56717\' CategoryId = \'56726\' CategoryId = \'56720\' CategoryId = \'56721\' CategoryId = \'56722\' CategoryId = \'56723\' CategoryId = \'56724\' CategoryId = \'56725\' CategoryId = \'56727\' CategoryId = \'56734\' CategoryId = \'56728\' CategoryId = \'56729\' CategoryId = \'56730\' CategoryId = \'56731\' CategoryId = \'56732\' CategoryId = \'56733\' CategoryId = \'56744\' CategoryId = \'56735\' CategoryId = \'56736\' CategoryId = \'56737\' CategoryId = \'56738\' CategoryId = \'56739\' CategoryId = \'56740\' CategoryId = \'56741\' CategoryId = \'56743\' CategoryId = \'56746\' CategoryId = \'56745\' CategoryId = \'56747\' CategoryId = \'56768\' CategoryId = \'56757\' CategoryId = \'56754\' CategoryId = \'56753\' CategoryId = \'56748\' CategoryId = \'56749\' CategoryId = \'56750\' CategoryId = \'56751\' CategoryId = \'56752\' CategoryId = \'56755\' CategoryId = \'56756\' CategoryId = \'56758\' CategoryId = \'56759\' CategoryId = \'56760\' CategoryId = \'56761\' CategoryId = \'56762\' CategoryId = \'56763\' CategoryId = \'56764\' CategoryId = \'56765\' CategoryId = \'56766\' CategoryId = \'56767\' CategoryId = \'56775\' CategoryId = \'56769\' CategoryId = \'56770\' CategoryId = \'56771\' CategoryId = \'56772\' CategoryId = \'56773\' CategoryId = \'56774\' CategoryId = \'56784\' CategoryId = \'56783\' CategoryId = \'56776\' CategoryId = \'56777\' CategoryId = \'56778\' CategoryId = \'56779\' CategoryId = \'56780\' CategoryId = \'56781\' CategoryId = \'56782\' CategoryId = \'56792\' CategoryId = \'56785\' CategoryId = \'56786\' CategoryId = \'56787\' CategoryId = \'56788\' CategoryId = \'56789\' CategoryId = \'56790\' CategoryId = \'56791\' CategoryId = \'56799\' CategoryId = \'56793\' CategoryId = \'56794\' CategoryId = \'56795\' CategoryId = \'56796\' CategoryId = \'56797\' CategoryId = \'56798\' CategoryId = \'56807\' CategoryId = \'56800\' CategoryId = \'56801\' CategoryId = \'56802\' CategoryId = \'56803\' CategoryId = \'56804\' CategoryId = \'56805\' CategoryId = \'56806\' CategoryId = \'56814\' CategoryId = \'56808\' CategoryId = \'56809\' CategoryId = \'56810\' CategoryId = \'56811\' CategoryId = \'56812\' CategoryId = \'56813\' CategoryId = \'56822\' CategoryId = \'56815\' CategoryId = \'56816\' CategoryId = \'56817\' CategoryId = \'56818\' CategoryId = \'56819\' CategoryId = \'56820\' CategoryId = \'56821\' CategoryId = \'56828\' CategoryId = \'56823\' CategoryId = \'56824\' CategoryId = \'56825\' CategoryId = \'56826\' CategoryId = \'56827\' CategoryId = \'56832\' CategoryId = \'56829\' CategoryId = \'56830\' CategoryId = \'56831\' CategoryId = \'56837\' CategoryId = \'56833\' CategoryId = \'56834\' CategoryId = \'56835\' CategoryId = \'56836\' CategoryId = \'56844\' CategoryId = \'56838\' CategoryId = \'56839\' CategoryId = \'56840\' CategoryId = \'56841\' CategoryId = \'56842\' CategoryId = \'56843\' CategoryId = \'56850\' CategoryId = \'56845\' CategoryId = \'56846\' CategoryId = \'56847\' CategoryId = \'56848\' CategoryId = \'56849\' CategoryId = \'56858\' CategoryId = \'56851\' CategoryId = \'56852\' CategoryId = \'56853\' CategoryId = \'56854\' CategoryId = \'56855\' CategoryId = \'56856\' CategoryId = \'56857\' CategoryId = \'56863\' CategoryId = \'56859\' CategoryId = \'56860\' CategoryId = \'56861\' CategoryId = \'56862\' )(or ))"}, "pager": {"objectType": "KalturaFilterPager", "pageSize": 200, "pageIndex": 1}, "clientTag": "0.13.0-PC", "apiVersion": "5.4.0"}'
2021-11-11 23:06:46,320 DEBUG reply: 'HTTP/1.1 200 OK\r\n'
2021-11-11 23:06:46,321 DEBUG header: Content-Type: application/json
2021-11-11 23:06:46,321 DEBUG header: Transfer-Encoding: chunked
2021-11-11 23:06:46,321 DEBUG header: Connection: keep-alive
2021-11-11 23:06:46,321 DEBUG header: Date: Thu, 11 Nov 2021 22:06:49 GMT
2021-11-11 23:06:46,321 DEBUG header: X-Cache-Me: knginx-655b74986b-f9q8f
2021-11-11 23:06:46,321 DEBUG header: X-Kaltura-Session: 0HMD5ARSTJ71E:00000001
2021-11-11 23:06:46,321 DEBUG header: X-GCache-Fetch-Status: GF-BYPASS
2021-11-11 23:06:46,321 DEBUG header: X-GCache-Store-Status: GS-BYPASS
2021-11-11 23:06:46,321 DEBUG header: Content-Encoding: gzip
2021-11-11 23:06:46,321 DEBUG header: Server: Kaltura OTT
2021-11-11 23:06:46,321 DEBUG header: X-Cached: |/api_v3/service/asset/action/list|gzip|cGFydG5lcl9pZD0zMjAwfGNvdW50cnljb2RlPWN6fGxhbmd1YWdlPWVuZ3xmaWx0ZXI9eyJvYmplY3R0eXBlIjoia2FsdHVyYXNlYXJjaGFzc2V0ZmlsdGVyIiwia3NxbCI6IihhbmQgKG9yIGNhdGVnb3J5aWQgPSAnNTY4NjQnIGNhdGVnb3J5aWQgPSAnNTY3MTknIGNhdGVnb3J5aWQgPSAnNTY3MTgnIGNhdGVnb3J5aWQgPSAnNTY3MTEnIGNhdGVnb3J5aWQgPSAnNTY3MTInIGNhdGVnb3J5aWQgPSAnNTY3MTMnIGNhdGVnb3J5aWQgPSAnNTY3MTQnIGNhdGVnb3J5aWQgPSAnNTY3MTUnIGNhdGVnb3J5aWQgPSAnNTY3MTYnIGNhdGVnb3J5aWQgPSAnNTY3MTcnIGNhdGVnb3J5aWQgPSAnNTY3MjYnIGNhdGVnb3J5aWQgPSAnNTY3MjAnIGNhdGVnb3J5aWQgPSAnNTY3MjEnIGNhdGVnb3J5aWQgPSAnNTY3MjInIGNhdGVnb3J5aWQgPSAnNTY3MjMnIGNhdGVnb3J5aWQgPSAnNTY3MjQnIGNhdGVnb3J5aWQgPSAnNTY3MjUnIGNhdGVnb3J5aWQgPSAnNTY3MjcnIGNhdGVnb3J5aWQgPSAnNTY3MzQnIGNhdGVnb3J5aWQgPSAnNTY3MjgnIGNhdGVnb3J5aWQgPSAnNTY3MjknIGNhdGVnb3J5aWQgPSAnNTY3MzAnIGNhdGVnb3J5aWQgPSAnNTY3MzEnIGNhdGVnb3J5aWQgPSAnNTY3MzInIGNhdGVnb3J5aWQgPSAnNTY3MzMnIGNhdGVnb3J5aWQgPSAnNTY3NDQnIGNhdGVnb3J5aWQgPSAnNTY3MzUnIGNhdGVnb3J5aWQgPSAnNTY3MzYnIGNhdGVnb3J5aWQgPSAnNTY3MzcnIGNhdGVnb3J5aWQgPSAnNTY3MzgnIGNhdGVnb3J5aWQgPSAnNTY3MzknIGNhdGVnb3J5aWQgPSAnNTY3NDAnIGNhdGVnb3J5aWQgPSAnNTY3NDEnIGNhdGVnb3J5aWQgPSAnNTY3NDMnIGNhdGVnb3J5aWQgPSAnNTY3NDYnIGNhdGVnb3J5aWQgPSAnNTY3NDUnIGNhdGVnb3J5aWQgPSAnNTY3NDcnIGNhdGVnb3J5aWQgPSAnNTY3NjgnIGNhdGVnb3J5aWQgPSAnNTY3NTcnIGNhdGVnb3J5aWQgPSAnNTY3NTQnIGNhdGVnb3J5aWQgPSAnNTY3NTMnIGNhdGVnb3J5aWQgPSAnNTY3NDgnIGNhdGVnb3J5aWQgPSAnNTY3NDknIGNhdGVnb3J5aWQgPSAnNTY3NTAnIGNhdGVnb3J5aWQgPSAnNTY3NTEnIGNhdGVnb3J5aWQgPSAnNTY3NTInIGNhdGVnb3J5aWQgPSAnNTY3NTUnIGNhdGVnb3J5aWQgPSAnNTY3NTYnIGNhdGVnb3J5aWQgPSAnNTY3NTgnIGNhdGVnb3J5aWQgPSAnNTY3NTknIGNhdGVnb3J5aWQgPSAnNTY3NjAnIGNhdGVnb3J5aWQgPSAnNTY3NjEnIGNhdGVnb3J5aWQgPSAnNTY3NjInIGNhdGVnb3J5aWQgPSAnNTY3NjMnIGNhdGVnb3J5aWQgPSAnNTY3NjQnIGNhdGVnb3J5aWQgPSAnNTY3NjUnIGNhdGVnb3J5aWQgPSAnNTY3NjYnIGNhdGVnb3J5aWQgPSAnNTY3NjcnIGNhdGVnb3J5aWQgPSAnNTY3NzUnIGNhdGVnb3J5aWQgPSAnNTY3NjknIGNhdGVnb3J5aWQgPSAnNTY3NzAnIGNhdGVnb3J5aWQgPSAnNTY3NzEnIGNhdGVnb3J5aWQgPSAnNTY3NzInIGNhdGVnb3J5aWQgPSAnNTY3NzMnIGNhdGVnb3J5aWQgPSAnNTY3NzQnIGNhdGVnb3J5aWQgPSAnNTY3ODQnIGNhdGVnb3J5aWQgPSAnNTY3ODMnIGNhdGVnb3J5aWQgPSAnNTY3NzYnIGNhdGVnb3J5aWQgPSAnNTY3NzcnIGNhdGVnb3J5aWQgPSAnNTY3NzgnIGNhdGVnb3J5aWQgPSAnNTY3NzknIGNhdGVnb3J5aWQgPSAnNTY3ODAnIGNhdGVnb3J5aWQgPSAnNTY3ODEnIGNhdGVnb3J5aWQgPSAnNTY3ODInIGNhdGVnb3J5aWQgPSAnNTY3OTInIGNhdGVnb3J5aWQgPSAnNTY3ODUnIGNhdGVnb3J5aWQgPSAnNTY3ODYnIGNhdGVnb3J5aWQgPSAnNTY3ODcnIGNhdGVnb3J5aWQgPSAnNTY3ODgnIGNhdGVnb3J5aWQgPSAnNTY3ODknIGNhdGVnb3J5aWQgPSAnNTY3OTAnIGNhdGVnb3J5aWQgPSAnNTY3OTEnIGNhdGVnb3J5aWQgPSAnNTY3OTknIGNhdGVnb3J5aWQgPSAnNTY3OTMnIGNhdGVnb3J5aWQgPSAnNTY3OTQnIGNhdGVnb3J5aWQgPSAnNTY3OTUnIGNhdGVnb3J5aWQgPSAnNTY3OTYnIGNhdGVnb3J5aWQgPSAnNTY3OTcnIGNhdGVnb3J5aWQgPSAnNTY3OTgnIGNhdGVnb3J5aWQgPSAnNTY4MDcnIGNhdGVnb3J5aWQgPSAnNTY4MDAnIGNhdGVnb3J5aWQgPSAnNTY4MDEnIGNhdGVnb3J5aWQgPSAnNTY4MDInIGNhdGVnb3J5aWQgPSAnNTY4MDMnIGNhdGVnb3J5aWQgPSAnNTY4MDQnIGNhdGVnb3J5aWQgPSAnNTY4MDUnIGNhdGVnb3J5aWQgPSAnNTY4MDYnIGNhdGVnb3J5aWQgPSAnNTY4MTQnIGNhdGVnb3J5aWQgPSAnNTY4MDgnIGNhdGVnb3J5aWQgPSAnNTY4MDknIGNhdGVnb3J5aWQgPSAnNTY4MTAnIGNhdGVnb3J5aWQgPSAnNTY4MTEnIGNhdGVnb3J5aWQgPSAnNTY4MTInIGNhdGVnb3J5aWQgPSAnNTY4MTMnIGNhdGVnb3J5aWQgPSAnNTY4MjInIGNhdGVnb3J5aWQgPSAnNTY4MTUnIGNhdGVnb3J5aWQgPSAnNTY4MTYnIGNhdGVnb3J5aWQgPSAnNTY4MTcnIGNhdGVnb3J5aWQgPSAnNTY4MTgnIGNhdGVnb3J5aWQgPSAnNTY4MTknIGNhdGVnb3J5aWQgPSAnNTY4MjAnIGNhdGVnb3J5aWQgPSAnNTY4MjEnIGNhdGVnb3J5aWQgPSAnNTY4MjgnIGNhdGVnb3J5aWQgPSAnNTY4MjMnIGNhdGVnb3J5aWQgPSAnNTY4MjQnIGNhdGVnb3J5aWQgPSAnNTY4MjUnIGNhdGVnb3J5aWQgPSAnNTY4MjYnIGNhdGVnb3J5aWQgPSAnNTY4MjcnIGNhdGVnb3J5aWQgPSAnNTY4MzInIGNhdGVnb3J5aWQgPSAnNTY4MjknIGNhdGVnb3J5aWQgPSAnNTY4MzAnIGNhdGVnb3J5aWQgPSAnNTY4MzEnIGNhdGVnb3J5aWQgPSAnNTY4MzcnIGNhdGVnb3J5aWQgPSAnNTY4MzMnIGNhdGVnb3J5aWQgPSAnNTY4MzQnIGNhdGVnb3J5aWQgPSAnNTY4MzUnIGNhdGVnb3J5aWQgPSAnNTY4MzYnIGNhdGVnb3J5aWQgPSAnNTY4NDQnIGNhdGVnb3J5aWQgPSAnNTY4MzgnIGNhdGVnb3J5aWQgPSAnNTY4MzknIGNhdGVnb3J5aWQgPSAnNTY4NDAnIGNhdGVnb3J5aWQgPSAnNTY4NDEnIGNhdGVnb3J5aWQgPSAnNTY4NDInIGNhdGVnb3J5aWQgPSAnNTY4NDMnIGNhdGVnb3J5aWQgPSAnNTY4NTAnIGNhdGVnb3J5aWQgPSAnNTY4NDUnIGNhdGVnb3J5aWQgPSAnNTY4NDYnIGNhdGVnb3J5aWQgPSAnNTY4NDcnIGNhdGVnb3J5aWQgPSAnNTY4NDgnIGNhdGVnb3J5aWQgPSAnNTY4NDknIGNhdGVnb3J5aWQgPSAnNTY4NTgnIGNhdGVnb3J5aWQgPSAnNTY4NTEnIGNhdGVnb3J5aWQgPSAnNTY4NTInIGNhdGVnb3J5aWQgPSAnNTY4NTMnIGNhdGVnb3J5aWQgPSAnNTY4NTQnIGNhdGVnb3J5aWQgPSAnNTY4NTUnIGNhdGVnb3J5aWQgPSAnNTY4NTYnIGNhdGVnb3J5aWQgPSAnNTY4NTcnIGNhdGVnb3J5aWQgPSAnNTY4NjMnIGNhdGVnb3J5aWQgPSAnNTY4NTknIGNhdGVnb3J5aWQgPSAnNTY4NjAnIGNhdGVnb3J5aWQgPSAnNTY4NjEnIGNhdGVnb3J5aWQgPSAnNTY4NjInICkob3IgKSkifXxhcGl2ZXJzaW9uPTUuNC4wfGNsaWVudHRhZz0wLjEzLjAtcGN8cGFnZXI9eyJvYmplY3R0eXBlIjoia2FsdHVyYWZpbHRlcnBhZ2VyIiwicGFnZWluZGV4IjoxLCJwYWdlc2l6ZSI6MjAwfXw.|300|MISS
2021-11-11 23:06:46,321 DEBUG header: Access-Control-Allow-Headers: *
2021-11-11 23:06:46,321 DEBUG header: Access-Control-Allow-Origin: *
2021-11-11 23:06:46,321 DEBUG header: X-Cache: Miss from cloudfront
2021-11-11 23:06:46,322 DEBUG header: Via: 1.1 a60a14dea4b4a9f77d34297a625f2e24.cloudfront.net (CloudFront)
2021-11-11 23:06:46,322 DEBUG header: X-Amz-Cf-Pop: PRG50-C1
2021-11-11 23:06:46,322 DEBUG header: X-Amz-Cf-Id: 3wqIh1EAzfRnoGO6HiBU_i-2Vy4fl838d6WGIoTs3aZsjclo1hqiGw==
2021-11-11 23:06:46,322 DEBUG https://3200.frp1.ott.kaltura.com:443 "POST /api_v3/service//asset/action/list HTTP/1.1" 200 None
2021-11-11 23:08:27,578 DEBUG Starting new HTTPS connection (1): 3200.frp1.ott.kaltura.com:443
2021-11-11 23:08:27,648 DEBUG send: b'POST /api_v3/service/OTTUser/action/login HTTP/1.1\r\nHost: 3200.frp1.ott.kaltura.com\r\nUser-Agent: python-requests/2.26.0\r\nAccept-Encoding: gzip, deflate, br\r\nAccept: */*\r\nConnection: keep-alive\r\nContent-Type: application/json\r\nHost : 3200.frp1.ott.kaltura.com\r\nContent-Length: 134\r\n\r\n'
2021-11-11 23:08:27,648 DEBUG send: b'{"apiVersion": "5.4.0", "partnerId": "3200", "username": "monitoring3_rs", "password": "#-K_monitoring3_rs", "udid": "monitoring3_rs"}'
2021-11-11 23:08:27,822 DEBUG reply: 'HTTP/1.1 200 OK\r\n'
2021-11-11 23:08:27,822 DEBUG header: Content-Type: application/json
2021-11-11 23:08:27,823 DEBUG header: Transfer-Encoding: chunked
2021-11-11 23:08:27,823 DEBUG header: Connection: keep-alive
2021-11-11 23:08:27,823 DEBUG header: Date: Thu, 11 Nov 2021 22:08:31 GMT
2021-11-11 23:08:27,823 DEBUG header: X-Kaltura-Session: 0HMD57MOE9KB6:00000001
2021-11-11 23:08:27,823 DEBUG header: no-cache: true
2021-11-11 23:08:27,823 DEBUG header: X-Cache-Me: knginx-655b74986b-ljgzq
2021-11-11 23:08:27,824 DEBUG header: X-GCache-Fetch-Status: GF-BYPASS
2021-11-11 23:08:27,824 DEBUG header: X-GCache-Store-Status: GS-BYPASS
2021-11-11 23:08:27,824 DEBUG header: Content-Encoding: gzip
2021-11-11 23:08:27,824 DEBUG header: Server: Kaltura OTT
2021-11-11 23:08:27,824 DEBUG header: X-Cached: ||0|BYPASS
2021-11-11 23:08:27,824 DEBUG header: Access-Control-Allow-Headers: *
2021-11-11 23:08:27,824 DEBUG header: Access-Control-Allow-Origin: *
2021-11-11 23:08:27,825 DEBUG header: X-Cache: Miss from cloudfront
2021-11-11 23:08:27,825 DEBUG header: Via: 1.1 0803e66d64c794aaadfd4a88601bc68e.cloudfront.net (CloudFront)
2021-11-11 23:08:27,825 DEBUG header: X-Amz-Cf-Pop: PRG50-C1
2021-11-11 23:08:27,825 DEBUG header: X-Amz-Cf-Id: 0D6N4R3KJyL6bP-sVsY00bsgY4ogN7GuhrAmSgN8WNkZECh_Xy_BRA==
2021-11-11 23:08:27,825 DEBUG https://3200.frp1.ott.kaltura.com:443 "POST /api_v3/service/OTTUser/action/login HTTP/1.1" 200 None
2021-11-11 23:08:27,835 DEBUG Starting new HTTPS connection (1): 3200.frp1.ott.kaltura.com:443
2021-11-11 23:08:28,091 DEBUG send: b'POST /api_v3/service//asset/action/list HTTP/1.1\r\nHost: 3200.frp1.ott.kaltura.com\r\nUser-Agent: python-requests/2.26.0\r\nAccept-Encoding: gzip, deflate, br\r\nAccept: */*\r\nConnection: keep-alive\r\nContent-Type: application/json\r\nHost : 3200.frp1.ott.kaltura.com\r\nContent-Length: 3869\r\n\r\n'
2021-11-11 23:08:28,091 DEBUG send: b'{"language": "eng", "ks": "djJ8MzIwMHwsYFVVLO9td7HbiHcd0_BAveKKssqFRCdRE4xxRWZ24AQCJbaYFoZqCqYmIj8q63O6H-Ulpn9jWHxsoRWQ4SuxjVrs3oo57IyFdLyFngNPrttxHwk6M9MUpsnx69lq7RZ8R5agW213MH9uyble1urUkT9mMkzBrQYac8m0df2vaosz2uw5fEyqDca1E8UTWlWOOpPM5GT-OqGsIuU7JuCoiBfMvjjh8DLSfXTlT2r8nwB04CNyHg-wk6lECi0aXrS0KDnc4bwKdHQ_j3gzV4QYUaT6tiAAJOmEyycfTQzHpYH38wLG8M9OrN_2C3CfpTRJ1Pa5ou-f78d1069q8CO0iYay2KwjYsn9FrfCU_Aq9LrovVuugt5n8-tKutvCJIKKvFrdayZvePUxHTSrCXzq", "filter": {"objectType": "KalturaSearchAssetFilter", "kSql": "(and (or CategoryId = \'56864\' CategoryId = \'56719\' CategoryId = \'56718\' CategoryId = \'56711\' CategoryId = \'56712\' CategoryId = \'56713\' CategoryId = \'56714\' CategoryId = \'56715\' CategoryId = \'56716\' CategoryId = \'56717\' CategoryId = \'56726\' CategoryId = \'56720\' CategoryId = \'56721\' CategoryId = \'56722\' CategoryId = \'56723\' CategoryId = \'56724\' CategoryId = \'56725\' CategoryId = \'56727\' CategoryId = \'56734\' CategoryId = \'56728\' CategoryId = \'56729\' CategoryId = \'56730\' CategoryId = \'56731\' CategoryId = \'56732\' CategoryId = \'56733\' CategoryId = \'56744\' CategoryId = \'56735\' CategoryId = \'56736\' CategoryId = \'56737\' CategoryId = \'56738\' CategoryId = \'56739\' CategoryId = \'56740\' CategoryId = \'56741\' CategoryId = \'56743\' CategoryId = \'56746\' CategoryId = \'56745\' CategoryId = \'56747\' CategoryId = \'56768\' CategoryId = \'56757\' CategoryId = \'56754\' CategoryId = \'56753\' CategoryId = \'56748\' CategoryId = \'56749\' CategoryId = \'56750\' CategoryId = \'56751\' CategoryId = \'56752\' CategoryId = \'56755\' CategoryId = \'56756\' CategoryId = \'56758\' CategoryId = \'56759\' CategoryId = \'56760\' CategoryId = \'56761\' CategoryId = \'56762\' CategoryId = \'56763\' CategoryId = \'56764\' CategoryId = \'56765\' CategoryId = \'56766\' CategoryId = \'56767\' CategoryId = \'56775\' CategoryId = \'56769\' CategoryId = \'56770\' CategoryId = \'56771\' CategoryId = \'56772\' CategoryId = \'56773\' CategoryId = \'56774\' CategoryId = \'56784\' CategoryId = \'56783\' CategoryId = \'56776\' CategoryId = \'56777\' CategoryId = \'56778\' CategoryId = \'56779\' CategoryId = \'56780\' CategoryId = \'56781\' CategoryId = \'56782\' CategoryId = \'56792\' CategoryId = \'56785\' CategoryId = \'56786\' CategoryId = \'56787\' CategoryId = \'56788\' CategoryId = \'56789\' CategoryId = \'56790\' CategoryId = \'56791\' CategoryId = \'56799\' CategoryId = \'56793\' CategoryId = \'56794\' CategoryId = \'56795\' CategoryId = \'56796\' CategoryId = \'56797\' CategoryId = \'56798\' CategoryId = \'56807\' CategoryId = \'56800\' CategoryId = \'56801\' CategoryId = \'56802\' CategoryId = \'56803\' CategoryId = \'56804\' CategoryId = \'56805\' CategoryId = \'56806\' CategoryId = \'56814\' CategoryId = \'56808\' CategoryId = \'56809\' CategoryId = \'56810\' CategoryId = \'56811\' CategoryId = \'56812\' CategoryId = \'56813\' CategoryId = \'56822\' CategoryId = \'56815\' CategoryId = \'56816\' CategoryId = \'56817\' CategoryId = \'56818\' CategoryId = \'56819\' CategoryId = \'56820\' CategoryId = \'56821\' CategoryId = \'56828\' CategoryId = \'56823\' CategoryId = \'56824\' CategoryId = \'56825\' CategoryId = \'56826\' CategoryId = \'56827\' CategoryId = \'56832\' CategoryId = \'56829\' CategoryId = \'56830\' CategoryId = \'56831\' CategoryId = \'56837\' CategoryId = \'56833\' CategoryId = \'56834\' CategoryId = \'56835\' CategoryId = \'56836\' CategoryId = \'56844\' CategoryId = \'56838\' CategoryId = \'56839\' CategoryId = \'56840\' CategoryId = \'56841\' CategoryId = \'56842\' CategoryId = \'56843\' CategoryId = \'56850\' CategoryId = \'56845\' CategoryId = \'56846\' CategoryId = \'56847\' CategoryId = \'56848\' CategoryId = \'56849\' CategoryId = \'56858\' CategoryId = \'56851\' CategoryId = \'56852\' CategoryId = \'56853\' CategoryId = \'56854\' CategoryId = \'56855\' CategoryId = \'56856\' CategoryId = \'56857\' CategoryId = \'56863\' CategoryId = \'56859\' CategoryId = \'56860\' CategoryId = \'56861\' CategoryId = \'56862\' )(or ))"}, "pager": {"objectType": "KalturaFilterPager", "pageSize": 200, "pageIndex": 1}, "clientTag": "0.13.0-PC", "apiVersion": "5.4.0"}'
2021-11-11 23:08:28,387 DEBUG reply: 'HTTP/1.1 200 OK\r\n'
2021-11-11 23:08:28,388 DEBUG header: Content-Type: application/json
2021-11-11 23:08:28,388 DEBUG header: Transfer-Encoding: chunked
2021-11-11 23:08:28,388 DEBUG header: Connection: keep-alive
2021-11-11 23:08:28,388 DEBUG header: Date: Thu, 11 Nov 2021 22:08:31 GMT
2021-11-11 23:08:28,388 DEBUG header: X-Cache-Me: knginx-655b74986b-wgvj9
2021-11-11 23:08:28,388 DEBUG header: X-Kaltura-Session: 0HMD4GGE8GNJP:00000001
2021-11-11 23:08:28,388 DEBUG header: X-GCache-Fetch-Status: GF-BYPASS
2021-11-11 23:08:28,388 DEBUG header: X-GCache-Store-Status: GS-BYPASS
2021-11-11 23:08:28,389 DEBUG header: Content-Encoding: gzip
2021-11-11 23:08:28,389 DEBUG header: Server: Kaltura OTT
2021-11-11 23:08:28,389 DEBUG header: X-Cached: |/api_v3/service/asset/action/list|gzip|cGFydG5lcl9pZD0zMjAwfGNvdW50cnljb2RlPWN6fGxhbmd1YWdlPWVuZ3xmaWx0ZXI9eyJvYmplY3R0eXBlIjoia2FsdHVyYXNlYXJjaGFzc2V0ZmlsdGVyIiwia3NxbCI6IihhbmQgKG9yIGNhdGVnb3J5aWQgPSAnNTY4NjQnIGNhdGVnb3J5aWQgPSAnNTY3MTknIGNhdGVnb3J5aWQgPSAnNTY3MTgnIGNhdGVnb3J5aWQgPSAnNTY3MTEnIGNhdGVnb3J5aWQgPSAnNTY3MTInIGNhdGVnb3J5aWQgPSAnNTY3MTMnIGNhdGVnb3J5aWQgPSAnNTY3MTQnIGNhdGVnb3J5aWQgPSAnNTY3MTUnIGNhdGVnb3J5aWQgPSAnNTY3MTYnIGNhdGVnb3J5aWQgPSAnNTY3MTcnIGNhdGVnb3J5aWQgPSAnNTY3MjYnIGNhdGVnb3J5aWQgPSAnNTY3MjAnIGNhdGVnb3J5aWQgPSAnNTY3MjEnIGNhdGVnb3J5aWQgPSAnNTY3MjInIGNhdGVnb3J5aWQgPSAnNTY3MjMnIGNhdGVnb3J5aWQgPSAnNTY3MjQnIGNhdGVnb3J5aWQgPSAnNTY3MjUnIGNhdGVnb3J5aWQgPSAnNTY3MjcnIGNhdGVnb3J5aWQgPSAnNTY3MzQnIGNhdGVnb3J5aWQgPSAnNTY3MjgnIGNhdGVnb3J5aWQgPSAnNTY3MjknIGNhdGVnb3J5aWQgPSAnNTY3MzAnIGNhdGVnb3J5aWQgPSAnNTY3MzEnIGNhdGVnb3J5aWQgPSAnNTY3MzInIGNhdGVnb3J5aWQgPSAnNTY3MzMnIGNhdGVnb3J5aWQgPSAnNTY3NDQnIGNhdGVnb3J5aWQgPSAnNTY3MzUnIGNhdGVnb3J5aWQgPSAnNTY3MzYnIGNhdGVnb3J5aWQgPSAnNTY3MzcnIGNhdGVnb3J5aWQgPSAnNTY3MzgnIGNhdGVnb3J5aWQgPSAnNTY3MzknIGNhdGVnb3J5aWQgPSAnNTY3NDAnIGNhdGVnb3J5aWQgPSAnNTY3NDEnIGNhdGVnb3J5aWQgPSAnNTY3NDMnIGNhdGVnb3J5aWQgPSAnNTY3NDYnIGNhdGVnb3J5aWQgPSAnNTY3NDUnIGNhdGVnb3J5aWQgPSAnNTY3NDcnIGNhdGVnb3J5aWQgPSAnNTY3NjgnIGNhdGVnb3J5aWQgPSAnNTY3NTcnIGNhdGVnb3J5aWQgPSAnNTY3NTQnIGNhdGVnb3J5aWQgPSAnNTY3NTMnIGNhdGVnb3J5aWQgPSAnNTY3NDgnIGNhdGVnb3J5aWQgPSAnNTY3NDknIGNhdGVnb3J5aWQgPSAnNTY3NTAnIGNhdGVnb3J5aWQgPSAnNTY3NTEnIGNhdGVnb3J5aWQgPSAnNTY3NTInIGNhdGVnb3J5aWQgPSAnNTY3NTUnIGNhdGVnb3J5aWQgPSAnNTY3NTYnIGNhdGVnb3J5aWQgPSAnNTY3NTgnIGNhdGVnb3J5aWQgPSAnNTY3NTknIGNhdGVnb3J5aWQgPSAnNTY3NjAnIGNhdGVnb3J5aWQgPSAnNTY3NjEnIGNhdGVnb3J5aWQgPSAnNTY3NjInIGNhdGVnb3J5aWQgPSAnNTY3NjMnIGNhdGVnb3J5aWQgPSAnNTY3NjQnIGNhdGVnb3J5aWQgPSAnNTY3NjUnIGNhdGVnb3J5aWQgPSAnNTY3NjYnIGNhdGVnb3J5aWQgPSAnNTY3NjcnIGNhdGVnb3J5aWQgPSAnNTY3NzUnIGNhdGVnb3J5aWQgPSAnNTY3NjknIGNhdGVnb3J5aWQgPSAnNTY3NzAnIGNhdGVnb3J5aWQgPSAnNTY3NzEnIGNhdGVnb3J5aWQgPSAnNTY3NzInIGNhdGVnb3J5aWQgPSAnNTY3NzMnIGNhdGVnb3J5aWQgPSAnNTY3NzQnIGNhdGVnb3J5aWQgPSAnNTY3ODQnIGNhdGVnb3J5aWQgPSAnNTY3ODMnIGNhdGVnb3J5aWQgPSAnNTY3NzYnIGNhdGVnb3J5aWQgPSAnNTY3NzcnIGNhdGVnb3J5aWQgPSAnNTY3NzgnIGNhdGVnb3J5aWQgPSAnNTY3NzknIGNhdGVnb3J5aWQgPSAnNTY3ODAnIGNhdGVnb3J5aWQgPSAnNTY3ODEnIGNhdGVnb3J5aWQgPSAnNTY3ODInIGNhdGVnb3J5aWQgPSAnNTY3OTInIGNhdGVnb3J5aWQgPSAnNTY3ODUnIGNhdGVnb3J5aWQgPSAnNTY3ODYnIGNhdGVnb3J5aWQgPSAnNTY3ODcnIGNhdGVnb3J5aWQgPSAnNTY3ODgnIGNhdGVnb3J5aWQgPSAnNTY3ODknIGNhdGVnb3J5aWQgPSAnNTY3OTAnIGNhdGVnb3J5aWQgPSAnNTY3OTEnIGNhdGVnb3J5aWQgPSAnNTY3OTknIGNhdGVnb3J5aWQgPSAnNTY3OTMnIGNhdGVnb3J5aWQgPSAnNTY3OTQnIGNhdGVnb3J5aWQgPSAnNTY3OTUnIGNhdGVnb3J5aWQgPSAnNTY3OTYnIGNhdGVnb3J5aWQgPSAnNTY3OTcnIGNhdGVnb3J5aWQgPSAnNTY3OTgnIGNhdGVnb3J5aWQgPSAnNTY4MDcnIGNhdGVnb3J5aWQgPSAnNTY4MDAnIGNhdGVnb3J5aWQgPSAnNTY4MDEnIGNhdGVnb3J5aWQgPSAnNTY4MDInIGNhdGVnb3J5aWQgPSAnNTY4MDMnIGNhdGVnb3J5aWQgPSAnNTY4MDQnIGNhdGVnb3J5aWQgPSAnNTY4MDUnIGNhdGVnb3J5aWQgPSAnNTY4MDYnIGNhdGVnb3J5aWQgPSAnNTY4MTQnIGNhdGVnb3J5aWQgPSAnNTY4MDgnIGNhdGVnb3J5aWQgPSAnNTY4MDknIGNhdGVnb3J5aWQgPSAnNTY4MTAnIGNhdGVnb3J5aWQgPSAnNTY4MTEnIGNhdGVnb3J5aWQgPSAnNTY4MTInIGNhdGVnb3J5aWQgPSAnNTY4MTMnIGNhdGVnb3J5aWQgPSAnNTY4MjInIGNhdGVnb3J5aWQgPSAnNTY4MTUnIGNhdGVnb3J5aWQgPSAnNTY4MTYnIGNhdGVnb3J5aWQgPSAnNTY4MTcnIGNhdGVnb3J5aWQgPSAnNTY4MTgnIGNhdGVnb3J5aWQgPSAnNTY4MTknIGNhdGVnb3J5aWQgPSAnNTY4MjAnIGNhdGVnb3J5aWQgPSAnNTY4MjEnIGNhdGVnb3J5aWQgPSAnNTY4MjgnIGNhdGVnb3J5aWQgPSAnNTY4MjMnIGNhdGVnb3J5aWQgPSAnNTY4MjQnIGNhdGVnb3J5aWQgPSAnNTY4MjUnIGNhdGVnb3J5aWQgPSAnNTY4MjYnIGNhdGVnb3J5aWQgPSAnNTY4MjcnIGNhdGVnb3J5aWQgPSAnNTY4MzInIGNhdGVnb3J5aWQgPSAnNTY4MjknIGNhdGVnb3J5aWQgPSAnNTY4MzAnIGNhdGVnb3J5aWQgPSAnNTY4MzEnIGNhdGVnb3J5aWQgPSAnNTY4MzcnIGNhdGVnb3J5aWQgPSAnNTY4MzMnIGNhdGVnb3J5aWQgPSAnNTY4MzQnIGNhdGVnb3J5aWQgPSAnNTY4MzUnIGNhdGVnb3J5aWQgPSAnNTY4MzYnIGNhdGVnb3J5aWQgPSAnNTY4NDQnIGNhdGVnb3J5aWQgPSAnNTY4MzgnIGNhdGVnb3J5aWQgPSAnNTY4MzknIGNhdGVnb3J5aWQgPSAnNTY4NDAnIGNhdGVnb3J5aWQgPSAnNTY4NDEnIGNhdGVnb3J5aWQgPSAnNTY4NDInIGNhdGVnb3J5aWQgPSAnNTY4NDMnIGNhdGVnb3J5aWQgPSAnNTY4NTAnIGNhdGVnb3J5aWQgPSAnNTY4NDUnIGNhdGVnb3J5aWQgPSAnNTY4NDYnIGNhdGVnb3J5aWQgPSAnNTY4NDcnIGNhdGVnb3J5aWQgPSAnNTY4NDgnIGNhdGVnb3J5aWQgPSAnNTY4NDknIGNhdGVnb3J5aWQgPSAnNTY4NTgnIGNhdGVnb3J5aWQgPSAnNTY4NTEnIGNhdGVnb3J5aWQgPSAnNTY4NTInIGNhdGVnb3J5aWQgPSAnNTY4NTMnIGNhdGVnb3J5aWQgPSAnNTY4NTQnIGNhdGVnb3J5aWQgPSAnNTY4NTUnIGNhdGVnb3J5aWQgPSAnNTY4NTYnIGNhdGVnb3J5aWQgPSAnNTY4NTcnIGNhdGVnb3J5aWQgPSAnNTY4NjMnIGNhdGVnb3J5aWQgPSAnNTY4NTknIGNhdGVnb3J5aWQgPSAnNTY4NjAnIGNhdGVnb3J5aWQgPSAnNTY4NjEnIGNhdGVnb3J5aWQgPSAnNTY4NjInICkob3IgKSkifXxhcGl2ZXJzaW9uPTUuNC4wfGNsaWVudHRhZz0wLjEzLjAtcGN8cGFnZXI9eyJvYmplY3R0eXBlIjoia2FsdHVyYWZpbHRlcnBhZ2VyIiwicGFnZWluZGV4IjoxLCJwYWdlc2l6ZSI6MjAwfXw.|300|MISS
2021-11-11 23:08:28,389 DEBUG header: Access-Control-Allow-Headers: *
2021-11-11 23:08:28,389 DEBUG header: Access-Control-Allow-Origin: *
2021-11-11 23:08:28,389 DEBUG header: X-Cache: Miss from cloudfront
2021-11-11 23:08:28,389 DEBUG header: Via: 1.1 7cfba11baf6016eafce83142b99c8ff8.cloudfront.net (CloudFront)
2021-11-11 23:08:28,389 DEBUG header: X-Amz-Cf-Pop: PRG50-C1
2021-11-11 23:08:28,389 DEBUG header: X-Amz-Cf-Id: aqJkqvAGfCPzdf2cNZQdzutLAVKvBAoZyVxQ2JsncydnJkcmI5wUvA==
2021-11-11 23:08:28,389 DEBUG https://3200.frp1.ott.kaltura.com:443 "POST /api_v3/service//asset/action/list HTTP/1.1" 200 None
